
> saas-certificate-backend@1.0.0 test
> jest --runInBand --detectOpenHandles

2026-02-18 17:56:55 [[32minfo[39m]: Logger initialized
{
  "service": "saas-certificate-api",
  "environment": "test",
  "logDir": "C:\\Users\\Irsyad KN- MKW\\Documents\\project\\fullstack-management-certificate\\backend\\logs"
}
  console.log
    ≡ƒöä Initializing test database...

      at TestDatabase.log [as init] (__tests__/helpers/testDatabase.js:20:15)

  console.log
    Γ£à Test database initialized

      at TestDatabase.log [as init] (__tests__/helpers/testDatabase.js:42:15)

::ffff:127.0.0.1 - - [18/Feb/2026:10:56:58 +0000] "POST /api/auth/login HTTP/1.1" 200 707 "-" "-"
::ffff:127.0.0.1 - - [18/Feb/2026:10:56:58 +0000] "POST /api/modules HTTP/1.1" 201 262 "-" "-"
::ffff:127.0.0.1 - - [18/Feb/2026:10:56:58 +0000] "POST /api/auth/login HTTP/1.1" 200 773 "-" "-"
::ffff:127.0.0.1 - - [18/Feb/2026:10:56:58 +0000] "POST /api/certificates/bulk-create HTTP/1.1" 201 237 "-" "-"
::ffff:127.0.0.1 - - [18/Feb/2026:10:56:58 +0000] "POST /api/certificates/migrate HTTP/1.1" 400 302 "-" "-"
  console.log
    migrate error: {
      success: false,
      message: 'Validation failed',
      errors: [
        {
          type: 'field',
          value: 'No. 000001',
          msg: 'startNumber must be a positive integer',
          path: 'startNumber',
          location: 'body'
        },
        {
          type: 'field',
          value: 'No. 000005',
          msg: 'endNumber must be a positive integer',
          path: 'endNumber',
          location: 'body'
        }
      ]
    }

      at Object.log (__tests__/api/certificate.test.js:77:15)

::ffff:127.0.0.1 - - [18/Feb/2026:10:56:59 +0000] "POST /api/auth/login HTTP/1.1" 200 707 "-" "-"
::ffff:127.0.0.1 - - [18/Feb/2026:10:56:59 +0000] "POST /api/modules HTTP/1.1" 201 262 "-" "-"
::ffff:127.0.0.1 - - [18/Feb/2026:10:56:59 +0000] "POST /api/auth/login HTTP/1.1" 200 773 "-" "-"
::ffff:127.0.0.1 - - [18/Feb/2026:10:56:59 +0000] "POST /api/certificates/bulk-create HTTP/1.1" 201 237 "-" "-"
::ffff:127.0.0.1 - - [18/Feb/2026:10:56:59 +0000] "POST /api/certificates/migrate HTTP/1.1" 400 302 "-" "-"
::ffff:127.0.0.1 - - [18/Feb/2026:10:57:00 +0000] "POST /api/certificates/reserve HTTP/1.1" 400 70 "-" "-"
::ffff:127.0.0.1 - - [18/Feb/2026:10:57:00 +0000] "POST /api/auth/login HTTP/1.1" 200 707 "-" "-"
::ffff:127.0.0.1 - - [18/Feb/2026:10:57:00 +0000] "POST /api/modules HTTP/1.1" 201 262 "-" "-"
::ffff:127.0.0.1 - - [18/Feb/2026:10:57:01 +0000] "POST /api/auth/login HTTP/1.1" 200 773 "-" "-"
::ffff:127.0.0.1 - - [18/Feb/2026:10:57:01 +0000] "POST /api/certificates/bulk-create HTTP/1.1" 201 234 "-" "-"
::ffff:127.0.0.1 - - [18/Feb/2026:10:57:01 +0000] "POST /api/certificates/migrate HTTP/1.1" 400 302 "-" "-"
::ffff:127.0.0.1 - - [18/Feb/2026:10:57:01 +0000] "POST /api/certificates/reserve HTTP/1.1" 400 70 "-" "-"
::ffff:127.0.0.1 - - [18/Feb/2026:10:57:01 +0000] "POST /api/auth/login HTTP/1.1" 200 707 "-" "-"
::ffff:127.0.0.1 - - [18/Feb/2026:10:57:01 +0000] "POST /api/modules HTTP/1.1" 201 262 "-" "-"
::ffff:127.0.0.1 - - [18/Feb/2026:10:57:02 +0000] "POST /api/auth/login HTTP/1.1" 200 776 "-" "-"
::ffff:127.0.0.1 - - [18/Feb/2026:10:57:02 +0000] "POST /api/certificates/bulk-create HTTP/1.1" 201 234 "-" "-"
::ffff:127.0.0.1 - - [18/Feb/2026:10:57:02 +0000] "POST /api/certificates/migrate HTTP/1.1" 400 302 "-" "-"
  console.log
    [CertificateController.getAll] Query params: {
      status: undefined,
      currentBranchId: undefined,
      search: undefined,
      sortBy: undefined,
      order: undefined,
      page: undefined,
      limit: undefined
    }

      at log (src/controller/certificateController.js:54:15)

  console.log
    [CertificateController.getAll] Result: {
      certificatesCount: 1,
      pagination: {
        page: 1,
        limit: 50,
        total: 1,
        totalPages: 1,
        hasNextPage: false,
        hasPrevPage: false
      }
    }

      at log (src/controller/certificateController.js:77:15)

::ffff:127.0.0.1 - - [18/Feb/2026:10:57:02 +0000] "GET /api/certificates HTTP/1.1" 200 533 "-" "-"
::ffff:127.0.0.1 - - [18/Feb/2026:10:57:02 +0000] "POST /api/certificates/print HTTP/1.1" 400 57 "-" "-"
::ffff:127.0.0.1 - - [18/Feb/2026:10:57:02 +0000] "POST /api/auth/login HTTP/1.1" 200 711 "-" "-"
::ffff:127.0.0.1 - - [18/Feb/2026:10:57:02 +0000] "POST /api/modules HTTP/1.1" 201 263 "-" "-"
::ffff:127.0.0.1 - - [18/Feb/2026:10:57:03 +0000] "POST /api/auth/login HTTP/1.1" 200 776 "-" "-"
::ffff:127.0.0.1 - - [18/Feb/2026:10:57:03 +0000] "POST /api/certificates/bulk-create HTTP/1.1" 201 237 "-" "-"
::ffff:127.0.0.1 - - [18/Feb/2026:10:57:03 +0000] "POST /api/certificates/migrate HTTP/1.1" 400 302 "-" "-"
::ffff:127.0.0.1 - - [18/Feb/2026:10:57:03 +0000] "GET /api/certificates/stock HTTP/1.1" 200 376 "-" "-"
::ffff:127.0.0.1 - - [18/Feb/2026:10:57:03 +0000] "POST /api/auth/login HTTP/1.1" 200 711 "-" "-"
::ffff:127.0.0.1 - - [18/Feb/2026:10:57:03 +0000] "POST /api/modules HTTP/1.1" 201 263 "-" "-"
::ffff:127.0.0.1 - - [18/Feb/2026:10:57:04 +0000] "POST /api/auth/login HTTP/1.1" 200 776 "-" "-"
::ffff:127.0.0.1 - - [18/Feb/2026:10:57:04 +0000] "POST /api/certificates/bulk-create HTTP/1.1" 201 234 "-" "-"
::ffff:127.0.0.1 - - [18/Feb/2026:10:57:04 +0000] "GET /api/certificates/stock-alerts?threshold=5 HTTP/1.1" 200 742 "-" "-"
  console.log
    Γ£à Test database connection closed

      at TestDatabase.log [as close] (__tests__/helpers/testDatabase.js:129:15)

node.exe : FAIL __tests__/api/certificate.test.js (11.946 s)
At line:1 char:1
+ & "C:\Program Files\nodejs/node.exe" "C:\Program Files\nodejs/node_mo ...
+ ~~~~~~~~~~~~~~~~~~~~~~~~~~~~~~~~~~~~~~~~~~~~~~~~~~~~~~~~~~~~~~~~~~~~~
    + CategoryInfo          : NotSpecified: (FAIL __tests__/...t.js (11.946 s):String) [], RemoteException
    + FullyQualifiedErrorId : NativeCommandError
 
  Certificate Workflow
    Complete Certificate Lifecycle
      ├ù should complete full workflow: create ΓåÆ migrate ΓåÆ reserve ΓåÆ print (1196 ms)
      ├ù should enforce maximum 5 active reservations per teacher (1177 ms)
      ├ù should allow teacher to release reservation (1084 ms)
      ΓêÜ should prevent printing without reservation (1040 ms)
    Stock Management
      ├ù should get stock summary with accurate counts (1003 ms)
      ΓêÜ should get stock alerts for low inventory (983 ms)

  ΓùÅ Certificate Workflow ΓÇ║ Complete Certificate Lifecycle ΓÇ║ should complete full workflow: create ΓåÆ migrate ΓåÆ 
reserve ΓåÆ print

    expect(received).toBe(expected) // Object.is equality

    Expected: 200
    Received: 400

    [0m [90m 76 |[39m       })[33m;[39m
     [90m 77 |[39m       console[33m.[39mlog([32m"migrate error:"[39m[33m,[39m 
migrateResponse[33m.[39mbody)[33m;[39m
    [31m[1m>[22m[39m[90m 78 |[39m       
expect(migrateResponse[33m.[39mstatus)[33m.[39mtoBe([35m200[39m)[33m;[39m
     [90m    |[39m                                      [31m[1m^[22m[39m
     [90m 79 |[39m       
expect(migrateResponse[33m.[39mbody[33m.[39mdata[33m.[39mcount)[33m.[39mtoBe([35m5[39m)[33m;[39m
     [90m 80 |[39m
     [90m 81 |[39m       [90m// Step 3: Teacher checks available certificates[39m[0m

      at Object.toBe (__tests__/api/certificate.test.js:78:38)

  ΓùÅ Certificate Workflow ΓÇ║ Complete Certificate Lifecycle ΓÇ║ should enforce maximum 5 active reservations per 
teacher

    expect(received).toBe(expected) // Object.is equality

    Expected: 200
    Received: 400

    [0m [90m 151 |[39m         })[33m;[39m
     [90m 152 |[39m
    [31m[1m>[22m[39m[90m 153 |[39m         
expect(response[33m.[39mstatus)[33m.[39mtoBe([35m200[39m)[33m;[39m
     [90m     |[39m                                 [31m[1m^[22m[39m
     [90m 154 |[39m       }
     [90m 155 |[39m
     [90m 156 |[39m       [90m// 6th reservation should fail[39m[0m

      at Object.toBe (__tests__/api/certificate.test.js:153:33)

  ΓùÅ Certificate Workflow ΓÇ║ Complete Certificate Lifecycle ΓÇ║ should allow teacher to release reservation

    TypeError: Cannot read properties of undefined (reading 'certificate')

    [0m [90m 181 |[39m       })[33m;[39m
     [90m 182 |[39m
    [31m[1m>[22m[39m[90m 183 |[39m       [36mconst[39m certificateId [33m=[39m 
reserveResponse[33m.[39mbody[33m.[39mdata[33m.[39mcertificate[33m.[39mid[33m;[39m
     [90m     |[39m                                                       [31m[1m^[22m[39m
     [90m 184 |[39m
     [90m 185 |[39m       [90m// Release[39m
     [90m 186 |[39m       [36mconst[39m releaseResponse [33m=[39m [36mawait[39m request(app)[33m.[39mpost([32m
`/api/certificates/${certificateId}/release`[39m)[33m.[39m[36mset[39m([33mAuthHelpers[39m[33m.[39mgetAuthHeader(
teacherToken))[33m;[39m[0m

      at Object.certificate (__tests__/api/certificate.test.js:183:55)

  ΓùÅ Certificate Workflow ΓÇ║ Stock Management ΓÇ║ should get stock summary with accurate counts

    expect(received).toBe(expected) // Object.is equality

    Expected: 10
    Received: 20

    [0m [90m 248 |[39m
     [90m 249 |[39m       [36mconst[39m headStock [33m=[39m 
response[33m.[39mbody[33m.[39mdata[33m.[39mhead_branch[33m.[39mstock[33m;[39m
    [31m[1m>[22m[39m[90m 250 |[39m       
expect(parseInt(headStock[33m.[39min_stock))[33m.[39mtoBe([35m10[39m)[33m;[39m
     [90m     |[39m                                            [31m[1m^[22m[39m
     [90m 251 |[39m
     [90m 252 |[39m       [36mconst[39m subStock [33m=[39m 
response[33m.[39mbody[33m.[39mdata[33m.[39msub_branches[33m.[39mfind((b) [33m=>[39m b[33m.[39mbranch_id 
[33m===[39m subBranch[33m.[39mbranch[33m.[39mid)[33m.[39mstock[33m;[39m
     [90m 253 |[39m       expect(parseInt(subStock[33m.[39min_stock))[33m.[39mtoBe([35m10[39m)[33m;[39m[0m

      at Object.toBe (__tests__/api/certificate.test.js:250:44)

2026-02-18 17:57:04 [[32minfo[39m]: Logger initialized
{
  "service": "saas-certificate-api",
  "environment": "test",
  "logDir": "C:\\Users\\Irsyad KN- MKW\\Documents\\project\\fullstack-management-certificate\\backend\\logs"
}
  console.log
    ≡ƒöä Initializing test database...

      at TestDatabase.log [as init] (__tests__/helpers/testDatabase.js:20:15)

  console.log
    Γ£à Test database initialized

      at TestDatabase.log [as init] (__tests__/helpers/testDatabase.js:42:15)

::ffff:127.0.0.1 - - [18/Feb/2026:10:57:06 +0000] "POST /api/auth/login HTTP/1.1" 200 708 "-" "-"
::ffff:127.0.0.1 - - [18/Feb/2026:10:57:06 +0000] "POST /api/branches HTTP/1.1" 201 364 "-" "-"
::ffff:127.0.0.1 - - [18/Feb/2026:10:57:06 +0000] "POST /api/auth/login HTTP/1.1" 200 708 "-" "-"
::ffff:127.0.0.1 - - [18/Feb/2026:10:57:07 +0000] "POST /api/branches HTTP/1.1" 201 252 "-" "-"
::ffff:127.0.0.1 - - [18/Feb/2026:10:57:07 +0000] "POST /api/auth/login HTTP/1.1" 200 708 "-" "-"
::ffff:127.0.0.1 - - [18/Feb/2026:10:57:07 +0000] "POST /api/branches HTTP/1.1" 201 362 "-" "-"
::ffff:127.0.0.1 - - [18/Feb/2026:10:57:07 +0000] "POST /api/branches HTTP/1.1" 400 56 "-" "-"
::ffff:127.0.0.1 - - [18/Feb/2026:10:57:08 +0000] "POST /api/auth/login HTTP/1.1" 200 708 "-" "-"
::ffff:127.0.0.1 - - [18/Feb/2026:10:57:08 +0000] "POST /api/branches HTTP/1.1" 400 66 "-" "-"
::ffff:127.0.0.1 - - [18/Feb/2026:10:57:08 +0000] "POST /api/auth/login HTTP/1.1" 200 708 "-" "-"
::ffff:127.0.0.1 - - [18/Feb/2026:10:57:08 +0000] "POST /api/branches HTTP/1.1" 400 426 "-" "-"
::ffff:127.0.0.1 - - [18/Feb/2026:10:57:09 +0000] "POST /api/auth/login HTTP/1.1" 200 708 "-" "-"
::ffff:127.0.0.1 - - [18/Feb/2026:10:57:09 +0000] "POST /api/branches HTTP/1.1" 401 47 "-" "-"
::ffff:127.0.0.1 - - [18/Feb/2026:10:57:09 +0000] "POST /api/auth/login HTTP/1.1" 200 708 "-" "-"
::ffff:127.0.0.1 - - [18/Feb/2026:10:57:09 +0000] "GET /api/branches HTTP/1.1" 200 930 "-" "-"
::ffff:127.0.0.1 - - [18/Feb/2026:10:57:10 +0000] "POST /api/auth/login HTTP/1.1" 200 708 "-" "-"
::ffff:127.0.0.1 - - [18/Feb/2026:10:57:10 +0000] "PATCH /api/branches/1/toggle-active HTTP/1.1" 200 254 "-" "-"
::ffff:127.0.0.1 - - [18/Feb/2026:10:57:10 +0000] "GET /api/branches HTTP/1.1" 200 260 "-" "-"
::ffff:127.0.0.1 - - [18/Feb/2026:10:57:10 +0000] "GET /api/branches?includeInactive=true HTTP/1.1" 200 502 "-" "-"
::ffff:127.0.0.1 - - [18/Feb/2026:10:57:10 +0000] "POST /api/auth/login HTTP/1.1" 200 708 "-" "-"
::ffff:127.0.0.1 - - [18/Feb/2026:10:57:10 +0000] "GET /api/branches/heads HTTP/1.1" 200 235 "-" "-"
::ffff:127.0.0.1 - - [18/Feb/2026:10:57:11 +0000] "POST /api/auth/login HTTP/1.1" 200 708 "-" "-"
::ffff:127.0.0.1 - - [18/Feb/2026:10:57:11 +0000] "GET /api/branches/1 HTTP/1.1" 200 372 "-" "-"
::ffff:127.0.0.1 - - [18/Feb/2026:10:57:11 +0000] "POST /api/auth/login HTTP/1.1" 200 708 "-" "-"
::ffff:127.0.0.1 - - [18/Feb/2026:10:57:11 +0000] "GET /api/branches/99999 HTTP/1.1" 404 46 "-" "-"
::ffff:127.0.0.1 - - [18/Feb/2026:10:57:12 +0000] "POST /api/auth/login HTTP/1.1" 200 708 "-" "-"
::ffff:127.0.0.1 - - [18/Feb/2026:10:57:12 +0000] "PUT /api/branches/1 HTTP/1.1" 200 238 "-" "-"
::ffff:127.0.0.1 - - [18/Feb/2026:10:57:12 +0000] "POST /api/auth/login HTTP/1.1" 200 708 "-" "-"
::ffff:127.0.0.1 - - [18/Feb/2026:10:57:13 +0000] "PUT /api/branches/1 HTTP/1.1" 200 244 "-" "-"
::ffff:127.0.0.1 - - [18/Feb/2026:10:57:13 +0000] "POST /api/auth/login HTTP/1.1" 200 708 "-" "-"
::ffff:127.0.0.1 - - [18/Feb/2026:10:57:13 +0000] "PATCH /api/branches/1/toggle-active HTTP/1.1" 200 246 "-" "-"
::ffff:127.0.0.1 - - [18/Feb/2026:10:57:13 +0000] "PATCH /api/branches/1/toggle-active HTTP/1.1" 200 243 "-" "-"
::ffff:127.0.0.1 - - [18/Feb/2026:10:57:14 +0000] "POST /api/auth/login HTTP/1.1" 200 708 "-" "-"
::ffff:127.0.0.1 - - [18/Feb/2026:10:57:14 +0000] "DELETE /api/branches/1 HTTP/1.1" 200 56 "-" "-"
::ffff:127.0.0.1 - - [18/Feb/2026:10:57:14 +0000] "GET /api/branches/1 HTTP/1.1" 404 46 "-" "-"
::ffff:127.0.0.1 - - [18/Feb/2026:10:57:14 +0000] "POST /api/auth/login HTTP/1.1" 200 708 "-" "-"
::ffff:127.0.0.1 - - [18/Feb/2026:10:57:14 +0000] "DELETE /api/branches/1 HTTP/1.1" 400 75 "-" "-"
  console.log
    Γ£à Test database connection closed

      at TestDatabase.log [as close] (__tests__/helpers/testDatabase.js:129:15)

PASS __tests__/api/branch.test.js (10.701 s)
  Branch API
    POST /api/branches - Create Branch
      ΓêÜ should create head branch with admin successfully (665 ms)
      ΓêÜ should create sub branch successfully (612 ms)
      ΓêÜ should fail with duplicate branch code (615 ms)
      ΓêÜ should fail sub branch without parent_id (452 ms)
      ΓêÜ should fail head branch without admin_username (457 ms)
      ΓêÜ should fail without authentication (449 ms)
    GET /api/branches - Get All Branches
      ΓêÜ should get all branches in tree structure (607 ms)
      ΓêÜ should include inactive branches when requested (641 ms)
    GET /api/branches/heads - Get Head Branches
      ΓêÜ should get only head branches (590 ms)
    GET /api/branches/:id - Get Branch by ID
      ΓêÜ should get branch with details (593 ms)
      ΓêÜ should fail with invalid ID (458 ms)
    PUT /api/branches/:id - Update Branch
      ΓêÜ should update branch name (592 ms)
      ΓêÜ should update branch code (596 ms)
    PATCH /api/branches/:id/toggle-active
      ΓêÜ should toggle branch active status (621 ms)
    DELETE /api/branches/:id - Delete Branch
      ΓêÜ should delete branch without dependencies (630 ms)
      ΓêÜ should fail to delete head branch with active sub branches (600 ms)

2026-02-18 17:57:15 [[32minfo[39m]: Logger initialized
{
  "service": "saas-certificate-api",
  "environment": "test",
  "logDir": "C:\\Users\\Irsyad KN- MKW\\Documents\\project\\fullstack-management-certificate\\backend\\logs"
}
  console.log
    ≡ƒöä Initializing test database...

      at TestDatabase.log [as init] (__tests__/helpers/testDatabase.js:20:15)

  console.log
    Γ£à Test database initialized

      at TestDatabase.log [as init] (__tests__/helpers/testDatabase.js:42:15)

::ffff:127.0.0.1 - - [18/Feb/2026:10:57:16 +0000] "POST /api/auth/login HTTP/1.1" 200 708 "-" "-"
::ffff:127.0.0.1 - - [18/Feb/2026:10:57:17 +0000] "POST /api/auth/login HTTP/1.1" 401 58 "-" "-"
::ffff:127.0.0.1 - - [18/Feb/2026:10:57:17 +0000] "POST /api/auth/login HTTP/1.1" 401 58 "-" "-"
::ffff:127.0.0.1 - - [18/Feb/2026:10:57:17 +0000] "POST /api/auth/login HTTP/1.1" 400 344 "-" "-"
::ffff:127.0.0.1 - - [18/Feb/2026:10:57:18 +0000] "POST /api/auth/login HTTP/1.1" 400 171 "-" "-"
::ffff:127.0.0.1 - - [18/Feb/2026:10:57:18 +0000] "POST /api/auth/login HTTP/1.1" 200 708 "-" "-"
::ffff:127.0.0.1 - - [18/Feb/2026:10:57:18 +0000] "GET /api/auth/me HTTP/1.1" 200 254 "-" "-"
::ffff:127.0.0.1 - - [18/Feb/2026:10:57:18 +0000] "GET /api/auth/me HTTP/1.1" 401 47 "-" "-"
::ffff:127.0.0.1 - - [18/Feb/2026:10:57:19 +0000] "GET /api/auth/me HTTP/1.1" 401 43 "-" "-"
::ffff:127.0.0.1 - - [18/Feb/2026:10:57:19 +0000] "POST /api/auth/login HTTP/1.1" 200 708 "-" "-"
::ffff:127.0.0.1 - - [18/Feb/2026:10:57:19 +0000] "POST /api/auth/refresh HTTP/1.1" 200 620 "-" "-"
::ffff:127.0.0.1 - - [18/Feb/2026:10:57:20 +0000] "POST /api/auth/refresh HTTP/1.1" 401 51 "-" "-"
::ffff:127.0.0.1 - - [18/Feb/2026:10:57:20 +0000] "POST /api/auth/refresh HTTP/1.1" 400 160 "-" "-"
::ffff:127.0.0.1 - - [18/Feb/2026:10:57:20 +0000] "POST /api/auth/login HTTP/1.1" 200 708 "-" "-"
::ffff:127.0.0.1 - - [18/Feb/2026:10:57:21 +0000] "PATCH /api/auth/change-password HTTP/1.1" 200 253 "-" "-"
::ffff:127.0.0.1 - - [18/Feb/2026:10:57:21 +0000] "POST /api/auth/login HTTP/1.1" 200 708 "-" "-"
::ffff:127.0.0.1 - - [18/Feb/2026:10:57:21 +0000] "POST /api/auth/login HTTP/1.1" 401 58 "-" "-"
::ffff:127.0.0.1 - - [18/Feb/2026:10:57:21 +0000] "POST /api/auth/login HTTP/1.1" 200 708 "-" "-"
::ffff:127.0.0.1 - - [18/Feb/2026:10:57:22 +0000] "PATCH /api/auth/change-password HTTP/1.1" 401 59 "-" "-"
::ffff:127.0.0.1 - - [18/Feb/2026:10:57:22 +0000] "POST /api/auth/login HTTP/1.1" 200 708 "-" "-"
::ffff:127.0.0.1 - - [18/Feb/2026:10:57:22 +0000] "PATCH /api/auth/change-password HTTP/1.1" 400 451 "-" "-"
::ffff:127.0.0.1 - - [18/Feb/2026:10:57:22 +0000] "POST /api/auth/login HTTP/1.1" 200 708 "-" "-"
::ffff:127.0.0.1 - - [18/Feb/2026:10:57:22 +0000] "PATCH /api/auth/change-password HTTP/1.1" 400 337 "-" "-"
::ffff:127.0.0.1 - - [18/Feb/2026:10:57:23 +0000] "POST /api/auth/login HTTP/1.1" 200 708 "-" "-"
::ffff:127.0.0.1 - - [18/Feb/2026:10:57:23 +0000] "PATCH /api/auth/change-username HTTP/1.1" 200 277 "-" "-"
::ffff:127.0.0.1 - - [18/Feb/2026:10:57:23 +0000] "POST /api/auth/login HTTP/1.1" 200 764 "-" "-"
::ffff:127.0.0.1 - - [18/Feb/2026:10:57:23 +0000] "POST /api/auth/login HTTP/1.1" 401 58 "-" "-"
::ffff:127.0.0.1 - - [18/Feb/2026:10:57:24 +0000] "POST /api/auth/login HTTP/1.1" 401 58 "-" "-"
::ffff:127.0.0.1 - - [18/Feb/2026:10:57:24 +0000] "POST /api/auth/login HTTP/1.1" 401 58 "-" "-"
  console.log
    Γ£à Test database connection closed

      at TestDatabase.log [as close] (__tests__/helpers/testDatabase.js:129:15)

FAIL __tests__/api/auth.test.js (9.645 s)
  Authentication API
    POST /api/auth/login
      ΓêÜ should login successfully with valid credentials (472 ms)
      ΓêÜ should fail with invalid username (291 ms)
      ΓêÜ should fail with invalid password (424 ms)
      ΓêÜ should fail with missing credentials (272 ms)
      ΓêÜ should fail with short username (277 ms)
    GET /api/auth/me
      ΓêÜ should get current user profile with valid token (439 ms)
      ΓêÜ should fail without token (278 ms)
      ΓêÜ should fail with invalid token (282 ms)
    POST /api/auth/refresh
      ΓêÜ should refresh access token with valid refresh token (557 ms)
      ΓêÜ should fail with invalid refresh token (280 ms)
      ΓêÜ should fail with missing refresh token (287 ms)
    PATCH /api/auth/change-password
      ΓêÜ should change password successfully (1186 ms)
      ΓêÜ should fail with wrong current password (588 ms)
      ΓêÜ should fail with weak new password (441 ms)
      ΓêÜ should fail when new password same as current (440 ms)
    PATCH /api/auth/change-username
      ΓêÜ should change username successfully (752 ms)
      ├ù should fail with wrong password (295 ms)
      ├ù should fail with short username (289 ms)
    POST /api/auth/logout
      ├ù should logout successfully (317 ms)

  ΓùÅ Authentication API ΓÇ║ PATCH /api/auth/change-username ΓÇ║ should fail with wrong password

    TypeError: Cannot destructure property 'accessToken' of 'loginResponse.body.data' as it is undefined.

    [0m [90m 269 |[39m       })[33m;[39m
     [90m 270 |[39m
    [31m[1m>[22m[39m[90m 271 |[39m       [36mconst[39m { accessToken } [33m=[39m 
loginResponse[33m.[39mbody[33m.[39mdata[33m;[39m
     [90m     |[39m               [31m[1m^[22m[39m
     [90m 272 |[39m
     [90m 273 |[39m       [36mconst[39m response [33m=[39m [36mawait[39m request(app)[33m.[39mpatch([32m"/api/
auth/change-username"[39m)[33m.[39m[36mset[39m([32m"Authorization"[39m[33m,[39m [32m`Bearer 
${accessToken}`[39m)[33m.[39msend({
     [90m 274 |[39m         newUsername[33m:[39m [32m"newgem"[39m[33m,[39m[0m

      at Object.accessToken (__tests__/api/auth.test.js:271:15)

  ΓùÅ Authentication API ΓÇ║ PATCH /api/auth/change-username ΓÇ║ should fail with short username

    TypeError: Cannot destructure property 'accessToken' of 'loginResponse.body.data' as it is undefined.

    [0m [90m 286 |[39m       })[33m;[39m
     [90m 287 |[39m
    [31m[1m>[22m[39m[90m 288 |[39m       [36mconst[39m { accessToken } [33m=[39m 
loginResponse[33m.[39mbody[33m.[39mdata[33m;[39m
     [90m     |[39m               [31m[1m^[22m[39m
     [90m 289 |[39m
     [90m 290 |[39m       [36mconst[39m response [33m=[39m [36mawait[39m request(app)[33m.[39mpatch([32m"/api/
auth/change-username"[39m)[33m.[39m[36mset[39m([32m"Authorization"[39m[33m,[39m [32m`Bearer 
${accessToken}`[39m)[33m.[39msend({
     [90m 291 |[39m         newUsername[33m:[39m [32m"ab"[39m[33m,[39m[0m

      at Object.accessToken (__tests__/api/auth.test.js:288:15)

  ΓùÅ Authentication API ΓÇ║ POST /api/auth/logout ΓÇ║ should logout successfully

    TypeError: Cannot destructure property 'accessToken' of 'loginResponse.body.data' as it is undefined.

    [0m [90m 305 |[39m       })[33m;[39m
     [90m 306 |[39m
    [31m[1m>[22m[39m[90m 307 |[39m       [36mconst[39m { accessToken } [33m=[39m 
loginResponse[33m.[39mbody[33m.[39mdata[33m;[39m
     [90m     |[39m               [31m[1m^[22m[39m
     [90m 308 |[39m
     [90m 309 |[39m       [36mconst[39m response [33m=[39m [36mawait[39m 
request(app)[33m.[39mpost([32m"/api/auth/logout"[39m)[33m.[39m[36mset[39m([32m"Authorization"[39m[33m,[39m 
[32m`Bearer ${accessToken}`[39m)[33m;[39m
     [90m 310 |[39m[0m

      at Object.accessToken (__tests__/api/auth.test.js:307:15)

Test Suites: 2 failed, 1 passed, 3 total
Tests:       7 failed, 34 passed, 41 total
Snapshots:   0 total
Time:        32.462 s, estimated 34 s
Ran all test suites.
